// Jest Snapshot v1, https://goo.gl/fbAQLP

exports[`LoginForm snapshot 1`] = `
<DocumentFragment>
  .c11 {
  width: 100%;
  border: none;
  border-radius: 5px;
  color: #fff;
  background-color: #5ed7f2;
}

.c1 {
  color: #0d0d0d;
}

.c4 {
  color: #cd3d64;
}

.c7 {
  width: 100%;
}

.c10 {
  position: relative;
  display: inline-block;
  line-height: 1;
}

.c10::before {
  position: absolute;
  top: 0;
  left: 0;
  display: block;
  width: 100%;
  height: 100%;
  content: '';
  background-color: #fff;
  border: 1px solid #ccc;
  border-radius: 5px;
}

.c10::after {
  position: absolute;
  display: block;
  content: '';
  background: url('/img/icon/check.png') no-repeat;
  background-size: cover;
  opacity: 0;
}

.c8 {
  display: none;
}

.c8:checked + .c9::before {
  background-color: #5ed7f2;
  border: 1px solid #5ed7f2;
}

.c8:checked + .c9::after {
  opacity: 1;
}

.c3 {
  width: 100%;
  background-color: #fff;
  border: 1px solid #ccc;
  border-radius: 5px;
}

.c0 {
  display: -webkit-box;
  display: -webkit-flex;
  display: -ms-flexbox;
  display: flex;
  -webkit-flex-direction: column;
  -ms-flex-direction: column;
  flex-direction: column;
  width: 100%;
  background-color: #fff;
  border-radius: 5px;
  box-shadow: rgba(60,66,87,0.12) 0 7px 14px 0,rgba(0,0,0,0.12) 0 3px 6px 0;
}

.c2 {
  position: relative;
}

.c5 {
  position: absolute;
  left: 0;
}

@media (min-width:751px) {
  .c11 {
    -webkit-transition: background 0.3s;
    transition: background 0.3s;
  }

  .c11:hover {
    background-color: #7ebcf2;
  }
}

@media (min-width:751px) {
  .c11 {
    padding: 8px 16px;
    font-size: 16px;
    cursor: pointer;
  }
}

@media (max-width:750px) {
  .c11 {
    font-size: 4.266666666666667vw;
  }
}

@media (min-width:751px) {
  .c1 {
    font-size: 20px;
  }
}

@media (max-width:750px) {
  .c1 {
    font-size: 5.333333333333333vw;
  }
}

@media (min-width:751px) {
  .c4 {
    font-size: 16px;
  }
}

@media (max-width:750px) {
  .c4 {
    font-size: 4.266666666666667vw;
  }
}

@media (min-width:751px) {
  .c10 {
    padding-left: 25px;
    cursor: pointer;
  }
}

@media (max-width:750px) {
  .c10 {
    padding-left: 6.666666666666667vw;
  }
}

@media (min-width:751px) {
  .c10::before {
    width: 18px;
    height: 18px;
  }
}

@media (max-width:750px) {
  .c10::before {
    width: 4.8vw;
    height: 4.8vw;
  }
}

@media (min-width:751px) {
  .c10::after {
    top: 1px;
    left: 1px;
    width: 15px;
    height: 15px;
  }
}

@media (max-width:750px) {
  .c10::after {
    top: 0.13333333333333333vw;
    left: 0.13333333333333333vw;
    width: 4vw;
    height: 4vw;
  }
}

@media (min-width:751px) {
  .c3 {
    padding: 8px 16px;
  }
}

@media (max-width:750px) {
  .c3 {
    padding: 2.1333333333333333vw 4.266666666666667vw;
  }
}

@media (min-width:751px) {
  .c0 {
    padding: 40px 40px 35px;
  }
}

@media (max-width:750px) {
  .c0 {
    padding: 10.666666666666666vw 10.666666666666666vw 9.333333333333334vw;
  }
}

@media (min-width:751px) {
  .c2 {
    margin-top: 40px;
  }
}

@media (max-width:750px) {
  .c2 {
    margin-top: 10.666666666666666vw;
  }
}

@media (min-width:751px) {
  .c6 {
    margin-top: 30px;
  }
}

@media (max-width:750px) {
  .c6 {
    margin-top: 8vw;
  }
}

@media (min-width:751px) {
  .c5 {
    bottom: -25px;
  }
}

@media (max-width:750px) {
  .c5 {
    bottom: -6.666666666666667vw;
  }
}

<form
    class="c0"
  >
    <p
      class="sc-AxhUy c1"
      size="20"
    >
      Sign in to Real World
    </p>
    <div
      class="c2"
    >
      <input
        class="c3"
        id="email"
        name="email"
        placeholder="Email address"
        type="email"
      />
      <p
        class="sc-AxhUy c4 c5"
        size="16"
      />
    </div>
    <div
      class="c2"
    >
      <input
        class="c3"
        id="password"
        name="password"
        placeholder="Password"
        type="password"
      />
      <p
        class="sc-AxhUy c4 c5"
        size="16"
      />
    </div>
    <div
      class="c6"
    >
      <label
        class="c7"
      >
        <input
          class="c8"
          id="remember"
          name="remember"
          type="checkbox"
        />
        <span
          class="c9 c10"
        >
          Keep signed in
        </span>
      </label>
    </div>
    <div
      class="c6"
    >
      <button
        class="sc-AxjAm c11"
        type="submit"
      >
        Sign In
      </button>
    </div>
  </form>
</DocumentFragment>
`;
